COMMAND: /usr/bin/python3 -m pip install --only-binary=:all: --upgrade-strategy only-if-needed setuptools<82 requests==2.32.4 jedi>=0.16 tabpfn==2.2.1 shapiq==1.4.1 xgboost==2.0.3 statsmodels==0.14.6 scikit-learn==1.4.2 pyarrow==17.0.0 ucimlrepo==0.0.7

STDOUT
Requirement already satisfied: setuptools<82 in /usr/local/lib/python3.12/dist-packages (75.2.0)
Requirement already satisfied: requests==2.32.4 in /usr/local/lib/python3.12/dist-packages (2.32.4)
Requirement already satisfied: jedi>=0.16 in /usr/local/lib/python3.12/dist-packages (0.20.0)
Requirement already satisfied: tabpfn==2.2.1 in /usr/local/lib/python3.12/dist-packages (2.2.1)
Requirement already satisfied: shapiq==1.4.1 in /usr/local/lib/python3.12/dist-packages (1.4.1)
Requirement already satisfied: xgboost==2.0.3 in /usr/local/lib/python3.12/dist-packages (2.0.3)
Requirement already satisfied: statsmodels==0.14.6 in /usr/local/lib/python3.12/dist-packages (0.14.6)
Requirement already satisfied: scikit-learn==1.4.2 in /usr/local/lib/python3.12/dist-packages (1.4.2)
Requirement already satisfied: pyarrow==17.0.0 in /usr/local/lib/python3.12/dist-packages (17.0.0)
Requirement already satisfied: ucimlrepo==0.0.7 in /usr/local/lib/python3.12/dist-packages (0.0.7)
Requirement already satisfied: charset_normalizer<4,>=2 in /usr/local/lib/python3.12/dist-packages (from requests==2.32.4) (3.4.9)
Requirement already satisfied: idna<4,>=2.5 in /usr/local/lib/python3.12/dist-packages (from requests==2.32.4) (3.18)
Requirement already satisfied: urllib3<3,>=1.21.1 in /usr/local/lib/python3.12/dist-packages (from requests==2.32.4) (2.5.0)
Requirement already satisfied: certifi>=2017.4.17 in /usr/local/lib/python3.12/dist-packages (from requests==2.32.4) (2026.6.17)
Requirement already satisfied: torch<3,>=2.1 in /usr/local/lib/python3.12/dist-packages (from tabpfn==2.2.1) (2.11.0+cu128)
Requirement already satisfied: typing_extensions>=4.12.0 in /usr/local/lib/python3.12/dist-packages (from tabpfn==2.2.1) (4.16.0)
Requirement already satisfied: scipy<2,>=1.11.1 in /usr/local/lib/python3.12/dist-packages (from tabpfn==2.2.1) (1.16.3)
Requirement already satisfied: pandas<3,>=1.4.0 in /usr/local/lib/python3.12/dist-packages (from tabpfn==2.2.1) (2.2.2)
Requirement already satisfied: einops<0.9,>=0.2.0 in /usr/local/lib/python3.12/dist-packages (from tabpfn==2.2.1) (0.8.2)
Requirement already satisfied: huggingface-hub<1,>=0.0.1 in /usr/local/lib/python3.12/dist-packages (from tabpfn==2.2.1) (0.36.2)
Requirement already satisfied: pydantic>=2.8.0 in /usr/local/lib/python3.12/dist-packages (from tabpfn==2.2.1) (2.13.4)
Requirement already satisfied: pydantic-settings>=2.10.1 in /usr/local/lib/python3.12/dist-packages (from tabpfn==2.2.1) (2.15.0)
Requirement already satisfied: eval-type-backport>=0.2.2 in /usr/local/lib/python3.12/dist-packages (from tabpfn==2.2.1) (0.4.0)
Requirement already satisfied: joblib>=1.2.0 in /usr/local/lib/python3.12/dist-packages (from tabpfn==2.2.1) (1.5.3)
Requirement already satisfied: tabpfn-common-utils>=0.1.8 in /usr/local/lib/python3.12/dist-packages (from tabpfn-common-utils[telemetry-interactive]>=0.1.8->tabpfn==2.2.1) (0.1.9)
Requirement already satisfied: numpy in /usr/local/lib/python3.12/dist-packages (from shapiq==1.4.1) (2.0.2)
Requirement already satisfied: tqdm in /usr/local/lib/python3.12/dist-packages (from shapiq==1.4.1) (4.67.3)
Requirement already satisfied: sparse-transform in /usr/local/lib/python3.12/dist-packages (from shapiq==1.4.1) (0.2.1)
Requirement already satisfied: galois in /usr/local/lib/python3.12/dist-packages (from shapiq==1.4.1) (0.4.11)
Requirement already satisfied: matplotlib in /usr/local/lib/python3.12/dist-packages (from shapiq==1.4.1) (3.10.0)
Requirement already satisfied: networkx in /usr/local/lib/python3.12/dist-packages (from shapiq==1.4.1) (3.6.1)
Requirement already satisfied: colour in /usr/local/lib/python3.12/dist-packages (from shapiq==1.4.1) (0.1.5)
Requirement already satisfied: pillow in /usr/local/lib/python3.12/dist-packages (from shapiq==1.4.1) (11.3.0)
Requirement already satisfied: patsy>=0.5.6 in /usr/local/lib/python3.12/dist-packages (from statsmodels==0.14.6) (1.0.2)
Requirement already satisfied: packaging>=21.3 in /usr/local/lib/python3.12/dist-packages (from statsmodels==0.14.6) (26.2)
Requirement already satisfied: threadpoolctl>=2.0.0 in /usr/local/lib/python3.12/dist-packages (from scikit-learn==1.4.2) (3.6.0)
Requirement already satisfied: parso<0.9.0,>=0.8.6 in /usr/local/lib/python3.12/dist-packages (from jedi>=0.16) (0.8.7)
Requirement already satisfied: filelock in /usr/local/lib/python3.12/dist-packages (from huggingface-hub<1,>=0.0.1->tabpfn==2.2.1) (3.29.7)
Requirement already satisfied: fsspec>=2023.5.0 in /usr/local/lib/python3.12/dist-packages (from huggingface-hub<1,>=0.0.1->tabpfn==2.2.1) (2025.3.0)
Requirement already satisfied: hf-xet<2.0.0,>=1.1.3 in /usr/local/lib/python3.12/dist-packages (from huggingface-hub<1,>=0.0.1->tabpfn==2.2.1) (1.5.1)
Requirement already satisfied: pyyaml>=5.1 in /usr/local/lib/python3.12/dist-packages (from huggingface-hub<1,>=0.0.1->tabpfn==2.2.1) (6.0.3)
Requirement already satisfied: python-dateutil>=2.8.2 in /usr/local/lib/python3.12/dist-packages (from pandas<3,>=1.4.0->tabpfn==2.2.1) (2.9.0.post0)
Requirement already satisfied: pytz>=2020.1 in /usr/local/lib/python3.12/dist-packages (from pandas<3,>=1.4.0->tabpfn==2.2.1) (2025.2)
Requirement already satisfied: tzdata>=2022.7 in /usr/local/lib/python3.12/dist-packages (from pandas<3,>=1.4.0->tabpfn==2.2.1) (2026.3)
Requirement already satisfied: annotated-types>=0.6.0 in /usr/local/lib/python3.12/dist-packages (from pydantic>=2.8.0->tabpfn==2.2.1) (0.7.0)
Requirement already satisfied: pydantic-core==2.46.4 in /usr/local/lib/python3.12/dist-packages (from pydantic>=2.8.0->tabpfn==2.2.1) (2.46.4)
Requirement already satisfied: typing-inspection>=0.4.2 in /usr/local/lib/python3.12/dist-packages (from pydantic>=2.8.0->tabpfn==2.2.1) (0.4.2)
Requirement already satisfied: python-dotenv>=0.21.0 in /usr/local/lib/python3.12/dist-packages (from pydantic-settings>=2.10.1->tabpfn==2.2.1) (1.2.2)
Requirement already satisfied: platformdirs>=4.4.0 in /usr/local/lib/python3.12/dist-packages (from tabpfn-common-utils>=0.1.8->tabpfn-common-utils[telemetry-interactive]>=0.1.8->tabpfn==2.2.1) (4.10.0)
Requirement already satisfied: posthog~=6.7 in /usr/local/lib/python3.12/dist-packages (from tabpfn-common-utils>=0.1.8->tabpfn-common-utils[telemetry-interactive]>=0.1.8->tabpfn==2.2.1) (6.9.3)
Requirement already satisfied: sympy>=1.13.3 in /usr/local/lib/python3.12/dist-packages (from torch<3,>=2.1->tabpfn==2.2.1) (1.14.0)
Requirement already satisfied: jinja2 in /usr/local/lib/python3.12/dist-packages (from torch<3,>=2.1->tabpfn==2.2.1) (3.1.6)
Requirement already satisfied: cuda-toolkit==12.8.1 in /usr/local/lib/python3.12/dist-packages (from cuda-toolkit[cublas,cudart,cufft,cufile,cupti,curand,cusolver,cusparse,nvjitlink,nvrtc,nvtx]==12.8.1; platform_system == "Linux"->torch<3,>=2.1->tabpfn==2.2.1) (12.8.1)
Requirement already satisfied: cuda-bindings<13,>=12.9.4 in /usr/local/lib/python3.12/dist-packages (from torch<3,>=2.1->tabpfn==2.2.1) (12.9.7)
Requirement already satisfied: nvidia-cudnn-cu12==9.19.0.56 in /usr/local/lib/python3.12/dist-packages (from torch<3,>=2.1->tabpfn==2.2.1) (9.19.0.56)
Requirement already satisfied: nvidia-cusparselt-cu12==0.7.1 in /usr/local/lib/python3.12/dist-packages (from torch<3,>=2.1->tabpfn==2.2.1) (0.7.1)
Requirement already satisfied: nvidia-nccl-cu12==2.28.9 in /usr/local/lib/python3.12/dist-packages (from torch<3,>=2.1->tabpfn==2.2.1) (2.28.9)
Requirement already satisfied: nvidia-nvshmem-cu12==3.4.5 in /usr/local/lib/python3.12/dist-packages (from torch<3,>=2.1->tabpfn==2.2.1) (3.4.5)
Requirement already satisfied: triton==3.6.0 in /usr/local/lib/python3.12/dist-packages (from torch<3,>=2.1->tabpfn==2.2.1) (3.6.0)
Requirement already satisfied: nvidia-cublas-cu12==12.8.4.1.* in /usr/local/lib/python3.12/dist-packages (from cuda-toolkit[cublas,cudart,cufft,cufile,cupti,curand,cusolver,cusparse,nvjitlink,nvrtc,nvtx]==12.8.1; platform_system == "Linux"->torch<3,>=2.1->tabpfn==2.2.1) (12.8.4.1)
Requirement already satisfied: nvidia-cuda-runtime-cu12==12.8.90.* in /usr/local/lib/python3.12/dist-packages (from cuda-toolkit[cublas,cudart,cufft,cufile,cupti,curand,cusolver,cusparse,nvjitlink,nvrtc,nvtx]==12.8.1; platform_system == "Linux"->torch<3,>=2.1->tabpfn==2.2.1) (12.8.90)
Requirement already satisfied: nvidia-cufft-cu12==11.3.3.83.* in /usr/local/lib/python3.12/dist-packages (from cuda-toolkit[cublas,cudart,cufft,cufile,cupti,curand,cusolver,cusparse,nvjitlink,nvrtc,nvtx]==12.8.1; platform_system == "Linux"->torch<3,>=2.1->tabpfn==2.2.1) (11.3.3.83)
Requirement already satisfied: nvidia-cufile-cu12==1.13.1.3.* in /usr/local/lib/python3.12/dist-packages (from cuda-toolkit[cublas,cudart,cufft,cufile,cupti,curand,cusolver,cusparse,nvjitlink,nvrtc,nvtx]==12.8.1; platform_system == "Linux"->torch<3,>=2.1->tabpfn==2.2.1) (1.13.1.3)
Requirement already satisfied: nvidia-cuda-cupti-cu12==12.8.90.* in /usr/local/lib/python3.12/dist-packages (from cuda-toolkit[cublas,cudart,cufft,cufile,cupti,curand,cusolver,cusparse,nvjitlink,nvrtc,nvtx]==12.8.1; platform_system == "Linux"->torch<3,>=2.1->tabpfn==2.2.1) (12.8.90)
Requirement already satisfied: nvidia-curand-cu12==10.3.9.90.* in /usr/local/lib/python3.12/dist-packages (from cuda-toolkit[cublas,cudart,cufft,cufile,cupti,curand,cusolver,cusparse,nvjitlink,nvrtc,nvtx]==12.8.1; platform_system == "Linux"->torch<3,>=2.1->tabpfn==2.2.1) (10.3.9.90)
Requirement already satisfied: nvidia-cusolver-cu12==11.7.3.90.* in /usr/local/lib/python3.12/dist-packages (from cuda-toolkit[cublas,cudart,cufft,cufile,cupti,curand,cusolver,cusparse,nvjitlink,nvrtc,nvtx]==12.8.1; platform_system == "Linux"->torch<3,>=2.1->tabpfn==2.2.1) (11.7.3.90)
Requirement already satisfied: nvidia-cusparse-cu12==12.5.8.93.* in /usr/local/lib/python3.12/dist-packages (from cuda-toolkit[cublas,cudart,cufft,cufile,cupti,curand,cusolver,cusparse,nvjitlink,nvrtc,nvtx]==12.8.1; platform_system == "Linux"->torch<3,>=2.1->tabpfn==2.2.1) (12.5.8.93)
Requirement already satisfied: nvidia-nvjitlink-cu12==12.8.93.* in /usr/local/lib/python3.12/dist-packages (from cuda-toolkit[cublas,cudart,cufft,cufile,cupti,curand,cusolver,cusparse,nvjitlink,nvrtc,nvtx]==12.8.1; platform_system == "Linux"->torch<3,>=2.1->tabpfn==2.2.1) (12.8.93)
Requirement already satisfied: nvidia-cuda-nvrtc-cu12==12.8.93.* in /usr/local/lib/python3.12/dist-packages (from cuda-toolkit[cublas,cudart,cufft,cufile,cupti,curand,cusolver,cusparse,nvjitlink,nvrtc,nvtx]==12.8.1; platform_system == "Linux"->torch<3,>=2.1->tabpfn==2.2.1) (12.8.93)
Requirement already satisfied: nvidia-nvtx-cu12==12.8.90.* in /usr/local/lib/python3.12/dist-packages (from cuda-toolkit[cublas,cudart,cufft,cufile,cupti,curand,cusolver,cusparse,nvjitlink,nvrtc,nvtx]==12.8.1; platform_system == "Linux"->torch<3,>=2.1->tabpfn==2.2.1) (12.8.90)
Requirement already satisfied: numba>=0.55 in /usr/local/lib/python3.12/dist-packages (from galois->shapiq==1.4.1) (0.60.0)
Requirement already satisfied: contourpy>=1.0.1 in /usr/local/lib/python3.12/dist-packages (from matplotlib->shapiq==1.4.1) (1.3.3)
Requirement already satisfied: cycler>=0.10 in /usr/local/lib/python3.12/dist-packages (from matplotlib->shapiq==1.4.1) (0.12.1)
Requirement already satisfied: fonttools>=4.22.0 in /usr/local/lib/python3.12/dist-packages (from matplotlib->shapiq==1.4.1) (4.63.0)
Requirement already satisfied: kiwisolver>=1.3.1 in /usr/local/lib/python3.12/dist-packages (from matplotlib->shapiq==1.4.1) (1.5.0)
Requirement already satisfied: pyparsing>=2.3.1 in /usr/local/lib/python3.12/dist-packages (from matplotlib->shapiq==1.4.1) (3.3.2)
Requirement already satisfied: cuda-pathfinder~=1.1 in /usr/local/lib/python3.12/dist-packages (from cuda-bindings<13,>=12.9.4->torch<3,>=2.1->tabpfn==2.2.1) (1.5.6)
Requirement already satisfied: llvmlite<0.44,>=0.43.0dev0 in /usr/local/lib/python3.12/dist-packages (from numba>=0.55->galois->shapiq==1.4.1) (0.43.0)
Requirement already satisfied: six>=1.5 in /usr/local/lib/python3.12/dist-packages (from posthog~=6.7->tabpfn-common-utils>=0.1.8->tabpfn-common-utils[telemetry-interactive]>=0.1.8->tabpfn==2.2.1) (1.17.0)
Requirement already satisfied: backoff>=1.10.0 in /usr/local/lib/python3.12/dist-packages (from posthog~=6.7->tabpfn-common-utils>=0.1.8->tabpfn-common-utils[telemetry-interactive]>=0.1.8->tabpfn==2.2.1) (2.2.1)
Requirement already satisfied: distro>=1.5.0 in /usr/local/lib/python3.12/dist-packages (from posthog~=6.7->tabpfn-common-utils>=0.1.8->tabpfn-common-utils[telemetry-interactive]>=0.1.8->tabpfn==2.2.1) (1.9.0)
Requirement already satisfied: mpmath<1.4,>=1.1.0 in /usr/local/lib/python3.12/dist-packages (from sympy>=1.13.3->torch<3,>=2.1->tabpfn==2.2.1) (1.3.0)
Requirement already satisfied: MarkupSafe>=2.0 in /usr/local/lib/python3.12/dist-packages (from jinja2->torch<3,>=2.1->tabpfn==2.2.1) (3.0.3)

STDERR
